[
  {
    "Op": "BeginFrame",
    "Rect": {
      "Min": {
        "X": 0,
        "Y": 0
      },
      "Max": {
        "X": 400,
        "Y": 400
      }
    },
    "Color": {
      "R": 0,
      "G": 0,
      "B": 0,
      "A": 0
    },
    "Point": {
      "X": 0,
      "Y": 0
    },
    "ScaleX": 0,
    "ScaleY": 0,
    "Alpha": 0,
    "Shape": {
      "Kind": 0,
      "Bounds": {
        "Min": {
          "X": 0,
          "Y": 0
        },
        "Max": {
          "X": 0,
          "Y": 0
        }
      },
      "Radius": {
        "TL": 0,
        "TR": 0,
        "BL": 0,
        "BR": 0
      }
    },
    "TextLayout": {
      "Width": 0,
      "Height": 0
    },
    "Image": {
      "Src": null
    },
    "Src": {
      "Min": {
        "X": 0,
        "Y": 0
      },
      "Max": {
        "X": 0,
        "Y": 0
      }
    },
    "Dst": {
      "Min": {
        "X": 0,
        "Y": 0
      },
      "Max": {
        "X": 0,
        "Y": 0
      }
    },
    "CornerRadius": {
      "TL": 0,
      "TR": 0,
      "BL": 0,
      "BR": 0
    },
    "PathOps": null,
    "Count": 0
  },
  {
    "Op": "FillRect",
    "Rect": {
      "Min": {
        "X": 0,
        "Y": 0
      },
      "Max": {
        "X": 400,
        "Y": 4
      }
    },
    "Color": {
      "R": 0.5019608,
      "G": 0.5019608,
      "B": 0.5019608,
      "A": 1
    },
    "Point": {
      "X": 0,
      "Y": 0
    },
    "ScaleX": 0,
    "ScaleY": 0,
    "Alpha": 0,
    "Shape": {
      "Kind": 0,
      "Bounds": {
        "Min": {
          "X": 0,
          "Y": 0
        },
        "Max": {
          "X": 0,
          "Y": 0
        }
      },
      "Radius": {
        "TL": 0,
        "TR": 0,
        "BL": 0,
        "BR": 0
      }
    },
    "TextLayout": {
      "Width": 0,
      "Height": 0
    },
    "Image": {
      "Src": null
    },
    "Src": {
      "Min": {
        "X": 0,
        "Y": 0
      },
      "Max": {
        "X": 0,
        "Y": 0
      }
    },
    "Dst": {
      "Min": {
        "X": 0,
        "Y": 0
      },
      "Max": {
        "X": 0,
        "Y": 0
      }
    },
    "CornerRadius": {
      "TL": 0,
      "TR": 0,
      "BL": 0,
      "BR": 0
    },
    "PathOps": null,
    "Count": 0
  },
  {
    "Op": "FillRect",
    "Rect": {
      "Min": {
        "X": 0,
        "Y": 0
      },
      "Max": {
        "X": 400,
        "Y": 4
      }
    },
    "Color": {
      "R": 0.5019608,
      "G": 0.5019608,
      "B": 0.5019608,
      "A": 1
    },
    "Point": {
      "X": 0,
      "Y": 0
    },
    "ScaleX": 0,
    "ScaleY": 0,
    "Alpha": 0,
    "Shape": {
      "Kind": 0,
      "Bounds": {
        "Min": {
          "X": 0,
          "Y": 0
        },
        "Max": {
          "X": 0,
          "Y": 0
        }
      },
      "Radius": {
        "TL": 0,
        "TR": 0,
        "BL": 0,
        "BR": 0
      }
    },
    "TextLayout": {
      "Width": 0,
      "Height": 0
    },
    "Image": {
      "Src": null
    },
    "Src": {
      "Min": {
        "X": 0,
        "Y": 0
      },
      "Max": {
        "X": 0,
        "Y": 0
      }
    },
    "Dst": {
      "Min": {
        "X": 0,
        "Y": 0
      },
      "Max": {
        "X": 0,
        "Y": 0
      }
    },
    "CornerRadius": {
      "TL": 0,
      "TR": 0,
      "BL": 0,
      "BR": 0
    },
    "PathOps": null,
    "Count": 0
  }
]